---
source: tests/metrics_regression.rs
expression: session
---
Session Metrics
Sessions analyzed: 4

┌──────────────────────┬──────────────┬────────┐
│ Signal               │ Value        │ Status │
├──────────────────────┼──────────────┼────────┤
│ Time to first change │ 160.19 min   │ risk   │
│ No-output sessions   │ 0.00% (0/4)  │ good   │
│ Sessions to commit   │ 75.00% (3/4) │ good   │
│ Error pastes         │ 50.00% (2/4) │ risk   │
│ Avg prompts          │ 33.50        │ risk   │
│ Debug loops          │ 0.00% (0/4)  │ good   │
└──────────────────────┴──────────────┴────────┘

Legend:
- Avg prompts: average number of user prompts per session.
- Time to first change: average minutes from session start to first accepted code change.
- Debug loops: share of sessions that look like repeated fix-retry loops.
- Error pastes: share of sessions where an error message was pasted mid-session.
- Sessions to commit: share of sessions followed by a commit within 4 hours.
- No-output sessions: share of sessions with no accepted code changes.
- Status: lower is better except Sessions to commit.
