---
source: tests/metrics_regression.rs
expression: structured_stats
---
metrics:
  - name: L4 Revert Rate
    percent: 0.00%
    numerator: "0"
    denominator: "5"
    status: Insufficient data
  - name: "C2 Merge Rate (git proxy, squash-aware)"
    percent: 80.00%
    numerator: "4"
    denominator: "5"
    status: Insufficient data
  - name: "L1 Code Churn Rate (14d, mainline-only)"
    percent: 1.98%
    numerator: "101"
    denominator: "5097"
    status: Healthy
  - name: S4 Debug Loop Rate
    percent: 0.00%
    numerator: "0"
    denominator: "3"
    status: Insufficient data
repo_rows:
  - repo: ~/work/fixture-vca
    heavy_commits: "5"
    l4:
      percent: 0.0%
      numerator: "0"
      denominator: "5"
      status: Insufficient data
    c2:
      percent: 80.0%
      numerator: "4"
      denominator: "5"
      status: Insufficient data
    l1:
      percent: 2.0%
      numerator: "101"
      denominator: "5097"
      status: Healthy
session_rows:
  - provider: codex
    session: 019cd678
    project: ~/work/fixture-vca
    last_active: "2026-03-10T06:39"
    loc: "0"
    added: "0"
    removed: "0"
    words_per_loc: N/A
  - provider: cursor
    session: b052dae4
    project: ~/work/fixture-cursor
    last_active: "2026-03-05T07:03"
    loc: "262"
    added: "144"
    removed: "118"
    words_per_loc: "0.1"
  - provider: codex
    session: 019cb311
    project: ~/work/fixture-vca
    last_active: "2026-03-03T09:40"
    loc: "3855"
    added: "3855"
    removed: "0"
    words_per_loc: "2.9"
