---
source: tests/metrics_regression.rs
expression: lifecycle
---
Quality Metrics
L1 code churn rate = share of AI-added lines on heavy AI commits that were later removed within the churn window
L4 revert rate = share of heavy AI commits that were later reverted

Heavy commits: 3
L1 Code Churn Rate: 1.47% (59/4006)
L4 Revert Rate: 0.00% (0/3)
