---
source: tests/metrics_regression.rs
expression: change
---
Delivery Metrics
Commits analyzed: 9
Heavy commits: 3 (33.33% of commits)

┌────────────────┬───────────────┬─────────────┐
│ Signal         │ Value         │ Status      │
├────────────────┼───────────────┼─────────────┤
│ Mainline Reach │ 100.00% (3/3) │ good        │
│ PR reach       │ N/A           │ unavailable │
│ PR merge       │ N/A           │ unavailable │
└────────────────┴───────────────┴─────────────┘

Legend:
- Heavy commits: commits where matched AI-attributed lines are at least half of changed lines.
- PR reach: share of heavy GitHub AI commits that reached a pull request.
- Mainline reach: share of heavy AI commits that later reached mainline.
- PR merge: share of PR-linked heavy GitHub AI commits whose PR merged.
- GitHub-backed PR metrics show N/A until PR sync data is available.
- Status: higher is better for all delivery signals.
