---
source: tests/metrics_regression.rs
expression: change_grouped
---
Delivery Metrics

Repo                           Commits     Heavy    PR Reach   Mainline Reach      PR Merge
__REPO_PACEFLOW__                    9         3         N/A           100.0%             N/A

Legend:
- PR Reach, Mainline Reach, and PR Merge = percentage rates.
- N/A means GitHub PR sync data is unavailable for PR-backed metrics.
