---
source: tests/metrics_regression.rs
expression: session_weekly
---
Session Metrics
Average user prompts = average number of user prompts per session
Avg time to first accepted change = minutes from session start to the first accepted code change
Debug loop rate = share of sessions that look like repeated fix-retry loops
Error paste rate = share of sessions where an error message was pasted mid-session
Session-to-commit rate = share of sessions followed by a commit within 4 hours
No-output session rate = share of sessions with no accepted code changes

Week        Group                         Sessions     Prompts    First Chg            Loop           Error       To Commit       No Output
2026-03-02  codex                                1      117.00        342.5            0.0%          100.0%          100.0%            0.0%
2026-03-02  cursor                               1        1.00          0.0            0.0%            0.0%            0.0%            0.0%
2026-03-09  codex                                1       15.00        298.3            0.0%          100.0%          100.0%            0.0%
